Archive member included to satisfy reference by file (symbol)

d:/stm32cubeide_1.5.1/stm32cubeide/plugins/com.st.stm32cube.ide.mcu.externaltools.gnu-tools-for-stm32.7-2018-q2-update.win32_1.5.0.202011040924/tools/bin/../lib/gcc/arm-none-eabi/7.3.1/../../../../arm-none-eabi/lib/thumb/v7e-m/fpv4-sp/hard\libc_nano.a(lib_a-errno.o)
                              Core/Src/syscalls.o (__errno)
d:/stm32cubeide_1.5.1/stm32cubeide/plugins/com.st.stm32cube.ide.mcu.externaltools.gnu-tools-for-stm32.7-2018-q2-update.win32_1.5.0.202011040924/tools/bin/../lib/gcc/arm-none-eabi/7.3.1/../../../../arm-none-eabi/lib/thumb/v7e-m/fpv4-sp/hard\libc_nano.a(lib_a-exit.o)
                              d:/stm32cubeide_1.5.1/stm32cubeide/plugins/com.st.stm32cube.ide.mcu.externaltools.gnu-tools-for-stm32.7-2018-q2-update.win32_1.5.0.202011040924/tools/bin/../lib/gcc/arm-none-eabi/7.3.1/../../../../arm-none-eabi/lib/thumb/v7e-m/fpv4-sp/hard/crt0.o (exit)
d:/stm32cubeide_1.5.1/stm32cubeide/plugins/com.st.stm32cube.ide.mcu.externaltools.gnu-tools-for-stm32.7-2018-q2-update.win32_1.5.0.202011040924/tools/bin/../lib/gcc/arm-none-eabi/7.3.1/../../../../arm-none-eabi/lib/thumb/v7e-m/fpv4-sp/hard\libc_nano.a(lib_a-impure.o)
                              d:/stm32cubeide_1.5.1/stm32cubeide/plugins/com.st.stm32cube.ide.mcu.externaltools.gnu-tools-for-stm32.7-2018-q2-update.win32_1.5.0.202011040924/tools/bin/../lib/gcc/arm-none-eabi/7.3.1/../../../../arm-none-eabi/lib/thumb/v7e-m/fpv4-sp/hard\libc_nano.a(lib_a-exit.o) (_global_impure_ptr)
d:/stm32cubeide_1.5.1/stm32cubeide/plugins/com.st.stm32cube.ide.mcu.externaltools.gnu-tools-for-stm32.7-2018-q2-update.win32_1.5.0.202011040924/tools/bin/../lib/gcc/arm-none-eabi/7.3.1/../../../../arm-none-eabi/lib/thumb/v7e-m/fpv4-sp/hard\libc_nano.a(lib_a-init.o)
                              d:/stm32cubeide_1.5.1/stm32cubeide/plugins/com.st.stm32cube.ide.mcu.externaltools.gnu-tools-for-stm32.7-2018-q2-update.win32_1.5.0.202011040924/tools/bin/../lib/gcc/arm-none-eabi/7.3.1/../../../../arm-none-eabi/lib/thumb/v7e-m/fpv4-sp/hard/crt0.o (__libc_init_array)
d:/stm32cubeide_1.5.1/stm32cubeide/plugins/com.st.stm32cube.ide.mcu.externaltools.gnu-tools-for-stm32.7-2018-q2-update.win32_1.5.0.202011040924/tools/bin/../lib/gcc/arm-none-eabi/7.3.1/../../../../arm-none-eabi/lib/thumb/v7e-m/fpv4-sp/hard\libc_nano.a(lib_a-memset.o)
                              d:/stm32cubeide_1.5.1/stm32cubeide/plugins/com.st.stm32cube.ide.mcu.externaltools.gnu-tools-for-stm32.7-2018-q2-update.win32_1.5.0.202011040924/tools/bin/../lib/gcc/arm-none-eabi/7.3.1/../../../../arm-none-eabi/lib/thumb/v7e-m/fpv4-sp/hard/crt0.o (memset)
d:/stm32cubeide_1.5.1/stm32cubeide/plugins/com.st.stm32cube.ide.mcu.externaltools.gnu-tools-for-stm32.7-2018-q2-update.win32_1.5.0.202011040924/tools/bin/../lib/gcc/arm-none-eabi/7.3.1/thumb/v7e-m/fpv4-sp/hard\libgcc.a(_aeabi_uldivmod.o)
                              Drivers/STM32L4xx_HAL_Driver/Src/stm32l4xx_hal_uart.o (__aeabi_uldivmod)
d:/stm32cubeide_1.5.1/stm32cubeide/plugins/com.st.stm32cube.ide.mcu.externaltools.gnu-tools-for-stm32.7-2018-q2-update.win32_1.5.0.202011040924/tools/bin/../lib/gcc/arm-none-eabi/7.3.1/thumb/v7e-m/fpv4-sp/hard\libgcc.a(_udivmoddi4.o)
                              d:/stm32cubeide_1.5.1/stm32cubeide/plugins/com.st.stm32cube.ide.mcu.externaltools.gnu-tools-for-stm32.7-2018-q2-update.win32_1.5.0.202011040924/tools/bin/../lib/gcc/arm-none-eabi/7.3.1/thumb/v7e-m/fpv4-sp/hard\libgcc.a(_aeabi_uldivmod.o) (__udivmoddi4)
d:/stm32cubeide_1.5.1/stm32cubeide/plugins/com.st.stm32cube.ide.mcu.externaltools.gnu-tools-for-stm32.7-2018-q2-update.win32_1.5.0.202011040924/tools/bin/../lib/gcc/arm-none-eabi/7.3.1/thumb/v7e-m/fpv4-sp/hard\libgcc.a(_dvmd_tls.o)
                              d:/stm32cubeide_1.5.1/stm32cubeide/plugins/com.st.stm32cube.ide.mcu.externaltools.gnu-tools-for-stm32.7-2018-q2-update.win32_1.5.0.202011040924/tools/bin/../lib/gcc/arm-none-eabi/7.3.1/thumb/v7e-m/fpv4-sp/hard\libgcc.a(_aeabi_uldivmod.o) (__aeabi_ldiv0)

Allocating common symbols
Common symbol       size              file

uwTick              0x4               Drivers/STM32L4xx_HAL_Driver/Src/stm32l4xx_hal.o
huart2              0x80              Core/Src/main.o

Discarded input sections

 .text          0x0000000000000000        0x0 d:/stm32cubeide_1.5.1/stm32cubeide/plugins/com.st.stm32cube.ide.mcu.externaltools.gnu-tools-for-stm32.7-2018-q2-update.win32_1.5.0.202011040924/tools/bin/../lib/gcc/arm-none-eabi/7.3.1/thumb/v7e-m/fpv4-sp/hard/crti.o
 .data          0x0000000000000000        0x0 d:/stm32cubeide_1.5.1/stm32cubeide/plugins/com.st.stm32cube.ide.mcu.externaltools.gnu-tools-for-stm32.7-2018-q2-update.win32_1.5.0.202011040924/tools/bin/../lib/gcc/arm-none-eabi/7.3.1/thumb/v7e-m/fpv4-sp/hard/crti.o
[...]
Memory Configuration

Name             Origin             Length             Attributes
RAM              0x0000000020000000 0x0000000000018000 xrw
RAM2             0x0000000010000000 0x0000000000008000 xrw
FLASH            0x0000000008000000 0x0000000000100000 xr
*default*        0x0000000000000000 0xffffffffffffffff

Linker script and memory map

LOAD d:/stm32cubeide_1.5.1/stm32cubeide/plugins/com.st.stm32cube.ide.mcu.externaltools.gnu-tools-for-stm32.7-2018-q2-update.win32_1.5.0.202011040924/tools/bin/../lib/gcc/arm-none-eabi/7.3.1/thumb/v7e-m/fpv4-sp/hard/crti.o
LOAD d:/stm32cubeide_1.5.1/stm32cubeide/plugins/com.st.stm32cube.ide.mcu.externaltools.gnu-tools-for-stm32.7-2018-q2-update.win32_1.5.0.202011040924/tools/bin/../lib/gcc/arm-none-eabi/7.3.1/thumb/v7e-m/fpv4-sp/hard/crtbegin.o
LOAD d:/stm32cubeide_1.5.1/stm32cubeide/plugins/com.st.stm32cube.ide.mcu.externaltools.gnu-tools-for-stm32.7-2018-q2-update.win32_1.5.0.202011040924/tools/bin/../lib/gcc/arm-none-eabi/7.3.1/../../../../arm-none-eabi/lib/thumb/v7e-m/fpv4-sp/hard/crt0.o
LOAD Core/Src/main.o
LOAD Core/Src/stm32l4xx_hal_msp.o
LOAD Core/Src/stm32l4xx_it.o
LOAD Core/Src/syscalls.o
LOAD Core/Src/sysmem.o
LOAD Core/Src/system_stm32l4xx.o
LOAD Core/Startup/startup_stm32l476rgtx.o
LOAD Drivers/STM32L4xx_HAL_Driver/Src/stm32l4xx_hal.o
LOAD Drivers/STM32L4xx_HAL_Driver/Src/stm32l4xx_hal_cortex.o
LOAD Drivers/STM32L4xx_HAL_Driver/Src/stm32l4xx_hal_dma.o
LOAD Drivers/STM32L4xx_HAL_Driver/Src/stm32l4xx_hal_dma_ex.o
LOAD Drivers/STM32L4xx_HAL_Driver/Src/stm32l4xx_hal_exti.o
LOAD Drivers/STM32L4xx_HAL_Driver/Src/stm32l4xx_hal_flash.o
LOAD Drivers/STM32L4xx_HAL_Driver/Src/stm32l4xx_hal_flash_ex.o
LOAD Drivers/STM32L4xx_HAL_Driver/Src/stm32l4xx_hal_flash_ramfunc.o
LOAD Drivers/STM32L4xx_HAL_Driver/Src/stm32l4xx_hal_gpio.o
LOAD Drivers/STM32L4xx_HAL_Driver/Src/stm32l4xx_hal_i2c.o
LOAD Drivers/STM32L4xx_HAL_Driver/Src/stm32l4xx_hal_i2c_ex.o
LOAD Drivers/STM32L4xx_HAL_Driver/Src/stm32l4xx_hal_pwr.o
LOAD Drivers/STM32L4xx_HAL_Driver/Src/stm32l4xx_hal_pwr_ex.o
LOAD Drivers/STM32L4xx_HAL_Driver/Src/stm32l4xx_hal_rcc.o
LOAD Drivers/STM32L4xx_HAL_Driver/Src/stm32l4xx_hal_rcc_ex.o
LOAD Drivers/STM32L4xx_HAL_Driver/Src/stm32l4xx_hal_tim.o
LOAD Drivers/STM32L4xx_HAL_Driver/Src/stm32l4xx_hal_tim_ex.o
LOAD Drivers/STM32L4xx_HAL_Driver/Src/stm32l4xx_hal_uart.o
LOAD Drivers/STM32L4xx_HAL_Driver/Src/stm32l4xx_hal_uart_ex.o
START GROUP
LOAD d:/stm32cubeide_1.5.1/stm32cubeide/plugins/com.st.stm32cube.ide.mcu.externaltools.gnu-tools-for-stm32.7-2018-q2-update.win32_1.5.0.202011040924/tools/bin/../lib/gcc/arm-none-eabi/7.3.1/../../../../arm-none-eabi/lib/thumb/v7e-m/fpv4-sp/hard\libc_nano.a
LOAD d:/stm32cubeide_1.5.1/stm32cubeide/plugins/com.st.stm32cube.ide.mcu.externaltools.gnu-tools-for-stm32.7-2018-q2-update.win32_1.5.0.202011040924/tools/bin/../lib/gcc/arm-none-eabi/7.3.1/../../../../arm-none-eabi/lib/thumb/v7e-m/fpv4-sp/hard\libm.a
END GROUP
START GROUP
LOAD d:/stm32cubeide_1.5.1/stm32cubeide/plugins/com.st.stm32cube.ide.mcu.externaltools.gnu-tools-for-stm32.7-2018-q2-update.win32_1.5.0.202011040924/tools/bin/../lib/gcc/arm-none-eabi/7.3.1/thumb/v7e-m/fpv4-sp/hard\libgcc.a
LOAD d:/stm32cubeide_1.5.1/stm32cubeide/plugins/com.st.stm32cube.ide.mcu.externaltools.gnu-tools-for-stm32.7-2018-q2-update.win32_1.5.0.202011040924/tools/bin/../lib/gcc/arm-none-eabi/7.3.1/../../../../arm-none-eabi/lib/thumb/v7e-m/fpv4-sp/hard\libc_nano.a
END GROUP
START GROUP
LOAD d:/stm32cubeide_1.5.1/stm32cubeide/plugins/com.st.stm32cube.ide.mcu.externaltools.gnu-tools-for-stm32.7-2018-q2-update.win32_1.5.0.202011040924/tools/bin/../lib/gcc/arm-none-eabi/7.3.1/thumb/v7e-m/fpv4-sp/hard\libgcc.a
LOAD d:/stm32cubeide_1.5.1/stm32cubeide/plugins/com.st.stm32cube.ide.mcu.externaltools.gnu-tools-for-stm32.7-2018-q2-update.win32_1.5.0.202011040924/tools/bin/../lib/gcc/arm-none-eabi/7.3.1/../../../../arm-none-eabi/lib/thumb/v7e-m/fpv4-sp/hard\libc_nano.a
LOAD d:/stm32cubeide_1.5.1/stm32cubeide/plugins/com.st.stm32cube.ide.mcu.externaltools.gnu-tools-for-stm32.7-2018-q2-update.win32_1.5.0.202011040924/tools/bin/../lib/gcc/arm-none-eabi/7.3.1/../../../../arm-none-eabi/lib/thumb/v7e-m/fpv4-sp/hard\libnosys.a
END GROUP
START GROUP
LOAD d:/stm32cubeide_1.5.1/stm32cubeide/plugins/com.st.stm32cube.ide.mcu.externaltools.gnu-tools-for-stm32.7-2018-q2-update.win32_1.5.0.202011040924/tools/bin/../lib/gcc/arm-none-eabi/7.3.1/thumb/v7e-m/fpv4-sp/hard\libgcc.a
LOAD d:/stm32cubeide_1.5.1/stm32cubeide/plugins/com.st.stm32cube.ide.mcu.externaltools.gnu-tools-for-stm32.7-2018-q2-update.win32_1.5.0.202011040924/tools/bin/../lib/gcc/arm-none-eabi/7.3.1/../../../../arm-none-eabi/lib/thumb/v7e-m/fpv4-sp/hard\libc_nano.a
LOAD d:/stm32cubeide_1.5.1/stm32cubeide/plugins/com.st.stm32cube.ide.mcu.externaltools.gnu-tools-for-stm32.7-2018-q2-update.win32_1.5.0.202011040924/tools/bin/../lib/gcc/arm-none-eabi/7.3.1/../../../../arm-none-eabi/lib/thumb/v7e-m/fpv4-sp/hard\libnosys.a
END GROUP
LOAD d:/stm32cubeide_1.5.1/stm32cubeide/plugins/com.st.stm32cube.ide.mcu.externaltools.gnu-tools-for-stm32.7-2018-q2-update.win32_1.5.0.202011040924/tools/bin/../lib/gcc/arm-none-eabi/7.3.1/thumb/v7e-m/fpv4-sp/hard/crtend.o
LOAD d:/stm32cubeide_1.5.1/stm32cubeide/plugins/com.st.stm32cube.ide.mcu.externaltools.gnu-tools-for-stm32.7-2018-q2-update.win32_1.5.0.202011040924/tools/bin/../lib/gcc/arm-none-eabi/7.3.1/thumb/v7e-m/fpv4-sp/hard/crtn.o
                0x0000000020018000                _estack = (ORIGIN (RAM) + LENGTH (RAM))
                0x0000000000000200                _Min_Heap_Size = 0x200
                0x0000000000000400                _Min_Stack_Size = 0x400

.isr_vector     0x0000000008000000      0x188
                0x0000000008000000                . = ALIGN (0x4)
 *(.isr_vector)
 .isr_vector    0x0000000008000000      0x188 Core/Startup/startup_stm32l476rgtx.o
                0x0000000008000000                g_pfnVectors
                0x0000000008000188                . = ALIGN (0x4)

.text           0x0000000008000188     0x2c7c
                0x0000000008000188                . = ALIGN (0x4)
 *(.text)
 .text          0x0000000008000188       0x40 d:/stm32cubeide_1.5.1/stm32cubeide/plugins/com.st.stm32cube.ide.mcu.externaltools.gnu-tools-for-stm32.7-2018-q2-update.win32_1.5.0.202011040924/tools/bin/../lib/gcc/arm-none-eabi/7.3.1/thumb/v7e-m/fpv4-sp/hard/crtbegin.o
 .text          0x00000000080001c8       0x30 d:/stm32cubeide_1.5.1/stm32cubeide/plugins/com.st.stm32cube.ide.mcu.externaltools.gnu-tools-for-stm32.7-2018-q2-update.win32_1.5.0.202011040924/tools/bin/../lib/gcc/arm-none-eabi/7.3.1/thumb/v7e-m/fpv4-sp/hard\libgcc.a(_aeabi_uldivmod.o)
                0x00000000080001c8                __aeabi_uldivmod
 .text          0x00000000080001f8      0x2cc d:/stm32cubeide_1.5.1/stm32cubeide/plugins/com.st.stm32cube.ide.mcu.externaltools.gnu-tools-for-stm32.7-2018-q2-update.win32_1.5.0.202011040924/tools/bin/../lib/gcc/arm-none-eabi/7.3.1/thumb/v7e-m/fpv4-sp/hard\libgcc.a(_udivmoddi4.o)
                0x00000000080001f8                __udivmoddi4
 .text          0x00000000080004c4        0x4 d:/stm32cubeide_1.5.1/stm32cubeide/plugins/com.st.stm32cube.ide.mcu.externaltools.gnu-tools-for-stm32.7-2018-q2-update.win32_1.5.0.202011040924/tools/bin/../lib/gcc/arm-none-eabi/7.3.1/thumb/v7e-m/fpv4-sp/hard\libgcc.a(_dvmd_tls.o)
                0x00000000080004c4                __aeabi_idiv0
                0x00000000080004c4                __aeabi_ldiv0
 *(.text*)
 .text.main     0x00000000080004c8       0x16 Core/Src/main.o
                0x00000000080004c8                main
 .text.SystemClock_Config
                0x00000000080004de       0xea Core/Src/main.o
                0x00000000080004de                SystemClock_Config
 .text.MX_USART2_UART_Init
                0x00000000080005c8       0x60 Core/Src/main.o
 .text.MX_GPIO_Init
                0x0000000008000628       0xd0 Core/Src/main.o
 .text.Error_Handler
                0x00000000080006f8        0x8 Core/Src/main.o
                0x00000000080006f8                Error_Handler
 .text.HAL_MspInit
                0x0000000008000700       0x48 Core/Src/stm32l4xx_hal_msp.o
                0x0000000008000700                HAL_MspInit
 .text.HAL_UART_MspInit
                0x0000000008000748       0x84 Core/Src/stm32l4xx_hal_msp.o
                0x0000000008000748                HAL_UART_MspInit
 .text.NMI_Handler
                0x00000000080007cc        0x6 Core/Src/stm32l4xx_it.o
                0x00000000080007cc                NMI_Handler
 .text.HardFault_Handler
                0x00000000080007d2        0x6 Core/Src/stm32l4xx_it.o
                0x00000000080007d2                HardFault_Handler
 .text.MemManage_Handler
                0x00000000080007d8        0x6 Core/Src/stm32l4xx_it.o
                0x00000000080007d8                MemManage_Handler
 .text.BusFault_Handler
                0x00000000080007de        0x6 Core/Src/stm32l4xx_it.o
                0x00000000080007de                BusFault_Handler
 .text.UsageFault_Handler
                0x00000000080007e4        0x6 Core/Src/stm32l4xx_it.o
                0x00000000080007e4                UsageFault_Handler
 .text.SVC_Handler
                0x00000000080007ea        0xe Core/Src/stm32l4xx_it.o
                0x00000000080007ea                SVC_Handler
 .text.DebugMon_Handler
                0x00000000080007f8        0xe Core/Src/stm32l4xx_it.o
                0x00000000080007f8                DebugMon_Handler
 .text.PendSV_Handler
                0x0000000008000806        0xe Core/Src/stm32l4xx_it.o
                0x0000000008000806                PendSV_Handler
 .text.SysTick_Handler
                0x0000000008000814        0xc Core/Src/stm32l4xx_it.o
                0x0000000008000814                SysTick_Handler
 .text.SystemInit
                0x0000000008000820       0x6c Core/Src/system_stm32l4xx.o
                0x0000000008000820                SystemInit
 .text.Reset_Handler
                0x000000000800088c       0x50 Core/Startup/startup_stm32l476rgtx.o
                0x000000000800088c                Reset_Handler
 .text.Default_Handler
                0x00000000080008dc        0x2 Core/Startup/startup_stm32l476rgtx.o
                0x00000000080008dc                RTC_Alarm_IRQHandler
                0x00000000080008dc                EXTI2_IRQHandler
                0x00000000080008dc                TIM8_TRG_COM_IRQHandler
                0x00000000080008dc                TIM8_CC_IRQHandler
                0x00000000080008dc                TIM1_CC_IRQHandler
                0x00000000080008dc                TSC_IRQHandler
                0x00000000080008dc                TAMP_STAMP_IRQHandler
                0x00000000080008dc                EXTI3_IRQHandler
                0x00000000080008dc                LPTIM2_IRQHandler
                0x00000000080008dc                DFSDM1_FLT1_IRQHandler
                0x00000000080008dc                I2C3_ER_IRQHandler
                0x00000000080008dc                DFSDM1_FLT2_IRQHandler
                0x00000000080008dc                EXTI0_IRQHandler
                0x00000000080008dc                I2C2_EV_IRQHandler
                0x00000000080008dc                CAN1_RX0_IRQHandler
                0x00000000080008dc                FPU_IRQHandler
                0x00000000080008dc                TIM1_UP_TIM16_IRQHandler
                0x00000000080008dc                ADC1_2_IRQHandler
                0x00000000080008dc                SPI1_IRQHandler
                0x00000000080008dc                TIM6_DAC_IRQHandler
                0x00000000080008dc                TIM8_UP_IRQHandler
                0x00000000080008dc                DMA2_Channel2_IRQHandler
                0x00000000080008dc                DMA1_Channel4_IRQHandler
                0x00000000080008dc                SAI2_IRQHandler
                0x00000000080008dc                DFSDM1_FLT3_IRQHandler
                0x00000000080008dc                USART3_IRQHandler
                0x00000000080008dc                DMA1_Channel7_IRQHandler
                0x00000000080008dc                CAN1_RX1_IRQHandler
                0x00000000080008dc                LCD_IRQHandler
                0x00000000080008dc                UART5_IRQHandler
                0x00000000080008dc                ADC3_IRQHandler
                0x00000000080008dc                TIM4_IRQHandler
                0x00000000080008dc                DMA2_Channel1_IRQHandler
                0x00000000080008dc                QUADSPI_IRQHandler
                0x00000000080008dc                I2C1_EV_IRQHandler
                0x00000000080008dc                DMA1_Channel6_IRQHandler
                0x00000000080008dc                UART4_IRQHandler
                0x00000000080008dc                DMA2_Channel4_IRQHandler
                0x00000000080008dc                TIM3_IRQHandler
                0x00000000080008dc                RCC_IRQHandler
                0x00000000080008dc                DMA1_Channel1_IRQHandler
                0x00000000080008dc                Default_Handler
                0x00000000080008dc                DMA2_Channel7_IRQHandler
                0x00000000080008dc                EXTI15_10_IRQHandler
                0x00000000080008dc                TIM7_IRQHandler
                0x00000000080008dc                SDMMC1_IRQHandler
                0x00000000080008dc                TIM5_IRQHandler
                0x00000000080008dc                I2C3_EV_IRQHandler
                0x00000000080008dc                EXTI9_5_IRQHandler
                0x00000000080008dc                RTC_WKUP_IRQHandler
                0x00000000080008dc                PVD_PVM_IRQHandler
                0x00000000080008dc                SPI2_IRQHandler
                0x00000000080008dc                CAN1_TX_IRQHandler
                0x00000000080008dc                DMA2_Channel5_IRQHandler
                0x00000000080008dc                DMA1_Channel5_IRQHandler
                0x00000000080008dc                EXTI4_IRQHandler
                0x00000000080008dc                RNG_IRQHandler
                0x00000000080008dc                TIM1_TRG_COM_TIM17_IRQHandler
                0x00000000080008dc                DMA1_Channel3_IRQHandler
                0x00000000080008dc                COMP_IRQHandler
                0x00000000080008dc                WWDG_IRQHandler
                0x00000000080008dc                LPUART1_IRQHandler
                0x00000000080008dc                DMA2_Channel6_IRQHandler
                0x00000000080008dc                TIM2_IRQHandler
                0x00000000080008dc                EXTI1_IRQHandler
                0x00000000080008dc                USART2_IRQHandler
                0x00000000080008dc                DFSDM1_FLT0_IRQHandler
                0x00000000080008dc                I2C2_ER_IRQHandler
                0x00000000080008dc                DMA1_Channel2_IRQHandler
                0x00000000080008dc                TIM8_BRK_IRQHandler
                0x00000000080008dc                CAN1_SCE_IRQHandler
                0x00000000080008dc                FLASH_IRQHandler
                0x00000000080008dc                USART1_IRQHandler
                0x00000000080008dc                OTG_FS_IRQHandler
                0x00000000080008dc                SPI3_IRQHandler
                0x00000000080008dc                I2C1_ER_IRQHandler
                0x00000000080008dc                FMC_IRQHandler
                0x00000000080008dc                SWPMI1_IRQHandler
                0x00000000080008dc                LPTIM1_IRQHandler
                0x00000000080008dc                SAI1_IRQHandler
                0x00000000080008dc                DMA2_Channel3_IRQHandler
                0x00000000080008dc                TIM1_BRK_TIM15_IRQHandler
 *fill*         0x00000000080008de        0x2 
 .text.HAL_Init
                0x00000000080008e0       0x40 Drivers/STM32L4xx_HAL_Driver/Src/stm32l4xx_hal.o
                0x00000000080008e0                HAL_Init
 .text.HAL_InitTick
                0x0000000008000920       0x78 Drivers/STM32L4xx_HAL_Driver/Src/stm32l4xx_hal.o
                0x0000000008000920                HAL_InitTick
 .text.HAL_IncTick
                0x0000000008000998       0x28 Drivers/STM32L4xx_HAL_Driver/Src/stm32l4xx_hal.o
                0x0000000008000998                HAL_IncTick
 .text.HAL_GetTick
                0x00000000080009c0       0x18 Drivers/STM32L4xx_HAL_Driver/Src/stm32l4xx_hal.o
                0x00000000080009c0                HAL_GetTick
 .text.__NVIC_SetPriorityGrouping
                0x00000000080009d8       0x48 Drivers/STM32L4xx_HAL_Driver/Src/stm32l4xx_hal_cortex.o
 .text.__NVIC_GetPriorityGrouping
                0x0000000008000a20       0x1c Drivers/STM32L4xx_HAL_Driver/Src/stm32l4xx_hal_cortex.o
 .text.__NVIC_SetPriority
                0x0000000008000a3c       0x54 Drivers/STM32L4xx_HAL_Driver/Src/stm32l4xx_hal_cortex.o
 .text.NVIC_EncodePriority
                0x0000000008000a90       0x66 Drivers/STM32L4xx_HAL_Driver/Src/stm32l4xx_hal_cortex.o
 *fill*         0x0000000008000af6        0x2 
 .text.SysTick_Config
                0x0000000008000af8       0x44 Drivers/STM32L4xx_HAL_Driver/Src/stm32l4xx_hal_cortex.o
 .text.HAL_NVIC_SetPriorityGrouping
                0x0000000008000b3c       0x16 Drivers/STM32L4xx_HAL_Driver/Src/stm32l4xx_hal_cortex.o
                0x0000000008000b3c                HAL_NVIC_SetPriorityGrouping
 .text.HAL_NVIC_SetPriority
                0x0000000008000b52       0x38 Drivers/STM32L4xx_HAL_Driver/Src/stm32l4xx_hal_cortex.o
                0x0000000008000b52                HAL_NVIC_SetPriority
 .text.HAL_SYSTICK_Config
                0x0000000008000b8a       0x18 Drivers/STM32L4xx_HAL_Driver/Src/stm32l4xx_hal_cortex.o
                0x0000000008000b8a                HAL_SYSTICK_Config
 *fill*         0x0000000008000ba2        0x2 
 .text.HAL_GPIO_Init
                0x0000000008000ba4      0x350 Drivers/STM32L4xx_HAL_Driver/Src/stm32l4xx_hal_gpio.o
                0x0000000008000ba4                HAL_GPIO_Init
 .text.HAL_GPIO_WritePin
                0x0000000008000ef4       0x30 Drivers/STM32L4xx_HAL_Driver/Src/stm32l4xx_hal_gpio.o
                0x0000000008000ef4                HAL_GPIO_WritePin
 .text.HAL_PWREx_GetVoltageRange
                0x0000000008000f24       0x1c Drivers/STM32L4xx_HAL_Driver/Src/stm32l4xx_hal_pwr_ex.o
                0x0000000008000f24                HAL_PWREx_GetVoltageRange
 .text.HAL_PWREx_ControlVoltageScaling
                0x0000000008000f40       0xac Drivers/STM32L4xx_HAL_Driver/Src/stm32l4xx_hal_pwr_ex.o
                0x0000000008000f40                HAL_PWREx_ControlVoltageScaling
 .text.HAL_RCC_OscConfig
                0x0000000008000fec      0x7cc Drivers/STM32L4xx_HAL_Driver/Src/stm32l4xx_hal_rcc.o
                0x0000000008000fec                HAL_RCC_OscConfig
 .text.HAL_RCC_ClockConfig
                0x00000000080017b8      0x1c4 Drivers/STM32L4xx_HAL_Driver/Src/stm32l4xx_hal_rcc.o
                0x00000000080017b8                HAL_RCC_ClockConfig
 .text.HAL_RCC_GetSysClockFreq
                0x000000000800197c      0x114 Drivers/STM32L4xx_HAL_Driver/Src/stm32l4xx_hal_rcc.o
                0x000000000800197c                HAL_RCC_GetSysClockFreq
 .text.HAL_RCC_GetHCLKFreq
                0x0000000008001a90       0x18 Drivers/STM32L4xx_HAL_Driver/Src/stm32l4xx_hal_rcc.o
                0x0000000008001a90                HAL_RCC_GetHCLKFreq
 .text.HAL_RCC_GetPCLK1Freq
                0x0000000008001aa8       0x2c Drivers/STM32L4xx_HAL_Driver/Src/stm32l4xx_hal_rcc.o
                0x0000000008001aa8                HAL_RCC_GetPCLK1Freq
 .text.HAL_RCC_GetPCLK2Freq
                0x0000000008001ad4       0x2c Drivers/STM32L4xx_HAL_Driver/Src/stm32l4xx_hal_rcc.o
                0x0000000008001ad4                HAL_RCC_GetPCLK2Freq
 .text.RCC_SetFlashLatencyFromMSIRange
                0x0000000008001b00       0xc0 Drivers/STM32L4xx_HAL_Driver/Src/stm32l4xx_hal_rcc.o
 .text.HAL_RCCEx_PeriphCLKConfig
                0x0000000008001bc0      0x5cc Drivers/STM32L4xx_HAL_Driver/Src/stm32l4xx_hal_rcc_ex.o
                0x0000000008001bc0                HAL_RCCEx_PeriphCLKConfig
 .text.RCCEx_PLLSAI1_Config
                0x000000000800218c      0x1e0 Drivers/STM32L4xx_HAL_Driver/Src/stm32l4xx_hal_rcc_ex.o
 .text.RCCEx_PLLSAI2_Config
                0x000000000800236c      0x1b4 Drivers/STM32L4xx_HAL_Driver/Src/stm32l4xx_hal_rcc_ex.o
 .text.HAL_UART_Init
                0x0000000008002520       0x9c Drivers/STM32L4xx_HAL_Driver/Src/stm32l4xx_hal_uart.o
                0x0000000008002520                HAL_UART_Init
 .text.UART_SetConfig
                0x00000000080025bc      0x514 Drivers/STM32L4xx_HAL_Driver/Src/stm32l4xx_hal_uart.o
                0x00000000080025bc                UART_SetConfig
 .text.UART_AdvFeatureConfig
                0x0000000008002ad0      0x144 Drivers/STM32L4xx_HAL_Driver/Src/stm32l4xx_hal_uart.o
                0x0000000008002ad0                UART_AdvFeatureConfig
 .text.UART_CheckIdleState
                0x0000000008002c14       0x8a Drivers/STM32L4xx_HAL_Driver/Src/stm32l4xx_hal_uart.o
                0x0000000008002c14                UART_CheckIdleState
 .text.UART_WaitOnFlagUntilTimeout
                0x0000000008002c9e       0xf6 Drivers/STM32L4xx_HAL_Driver/Src/stm32l4xx_hal_uart.o
                0x0000000008002c9e                UART_WaitOnFlagUntilTimeout
 .text.__libc_init_array
                0x0000000008002d94       0x48 d:/stm32cubeide_1.5.1/stm32cubeide/plugins/com.st.stm32cube.ide.mcu.externaltools.gnu-tools-for-stm32.7-2018-q2-update.win32_1.5.0.202011040924/tools/bin/../lib/gcc/arm-none-eabi/7.3.1/../../../../arm-none-eabi/lib/thumb/v7e-m/fpv4-sp/hard\libc_nano.a(lib_a-init.o)
                0x0000000008002d94                __libc_init_array
 .text.memset   0x0000000008002ddc       0x10 d:/stm32cubeide_1.5.1/stm32cubeide/plugins/com.st.stm32cube.ide.mcu.externaltools.gnu-tools-for-stm32.7-2018-q2-update.win32_1.5.0.202011040924/tools/bin/../lib/gcc/arm-none-eabi/7.3.1/../../../../arm-none-eabi/lib/thumb/v7e-m/fpv4-sp/hard\libc_nano.a(lib_a-memset.o)
                0x0000000008002ddc                memset
 *(.glue_7)
 .glue_7        0x0000000008002dec        0x0 linker stubs
 *(.glue_7t)
 .glue_7t       0x0000000008002dec        0x0 linker stubs
 *(.eh_frame)
 .eh_frame      0x0000000008002dec        0x0 d:/stm32cubeide_1.5.1/stm32cubeide/plugins/com.st.stm32cube.ide.mcu.externaltools.gnu-tools-for-stm32.7-2018-q2-update.win32_1.5.0.202011040924/tools/bin/../lib/gcc/arm-none-eabi/7.3.1/thumb/v7e-m/fpv4-sp/hard/crtbegin.o
 *(.init)
 .init          0x0000000008002dec        0x4 d:/stm32cubeide_1.5.1/stm32cubeide/plugins/com.st.stm32cube.ide.mcu.externaltools.gnu-tools-for-stm32.7-2018-q2-update.win32_1.5.0.202011040924/tools/bin/../lib/gcc/arm-none-eabi/7.3.1/thumb/v7e-m/fpv4-sp/hard/crti.o
                0x0000000008002dec                _init
 .init          0x0000000008002df0        0x8 d:/stm32cubeide_1.5.1/stm32cubeide/plugins/com.st.stm32cube.ide.mcu.externaltools.gnu-tools-for-stm32.7-2018-q2-update.win32_1.5.0.202011040924/tools/bin/../lib/gcc/arm-none-eabi/7.3.1/thumb/v7e-m/fpv4-sp/hard/crtn.o
 *(.fini)
 .fini          0x0000000008002df8        0x4 d:/stm32cubeide_1.5.1/stm32cubeide/plugins/com.st.stm32cube.ide.mcu.externaltools.gnu-tools-for-stm32.7-2018-q2-update.win32_1.5.0.202011040924/tools/bin/../lib/gcc/arm-none-eabi/7.3.1/thumb/v7e-m/fpv4-sp/hard/crti.o
                0x0000000008002df8                _fini
 .fini          0x0000000008002dfc        0x8 d:/stm32cubeide_1.5.1/stm32cubeide/plugins/com.st.stm32cube.ide.mcu.externaltools.gnu-tools-for-stm32.7-2018-q2-update.win32_1.5.0.202011040924/tools/bin/../lib/gcc/arm-none-eabi/7.3.1/thumb/v7e-m/fpv4-sp/hard/crtn.o
                0x0000000008002e04                . = ALIGN (0x4)
                0x0000000008002e04                _etext = .

.vfp11_veneer   0x0000000008002e04        0x0
 .vfp11_veneer  0x0000000008002e04        0x0 linker stubs

.v4_bx          0x0000000008002e04        0x0
 .v4_bx         0x0000000008002e04        0x0 linker stubs

.iplt           0x0000000008002e04        0x0
 .iplt          0x0000000008002e04        0x0 d:/stm32cubeide_1.5.1/stm32cubeide/plugins/com.st.stm32cube.ide.mcu.externaltools.gnu-tools-for-stm32.7-2018-q2-update.win32_1.5.0.202011040924/tools/bin/../lib/gcc/arm-none-eabi/7.3.1/thumb/v7e-m/fpv4-sp/hard/crtbegin.o

.rodata         0x0000000008002e04       0x48
                0x0000000008002e04                . = ALIGN (0x4)
 *(.rodata)
 *(.rodata*)
 .rodata.AHBPrescTable
                0x0000000008002e04       0x10 Core/Src/system_stm32l4xx.o
                0x0000000008002e04                AHBPrescTable
 .rodata.APBPrescTable
                0x0000000008002e14        0x8 Core/Src/system_stm32l4xx.o
                0x0000000008002e14                APBPrescTable
 .rodata.MSIRangeTable
                0x0000000008002e1c       0x30 Core/Src/system_stm32l4xx.o
                0x0000000008002e1c                MSIRangeTable
                0x0000000008002e4c                . = ALIGN (0x4)

.ARM.extab      0x0000000008002e4c        0x0
                0x0000000008002e4c                . = ALIGN (0x4)
 *(.ARM.extab* .gnu.linkonce.armextab.*)
                0x0000000008002e4c                . = ALIGN (0x4)

.ARM            0x0000000008002e4c        0x8
                0x0000000008002e4c                . = ALIGN (0x4)
                0x0000000008002e4c                __exidx_start = .
 *(.ARM.exidx*)
 .ARM.exidx     0x0000000008002e4c        0x8 d:/stm32cubeide_1.5.1/stm32cubeide/plugins/com.st.stm32cube.ide.mcu.externaltools.gnu-tools-for-stm32.7-2018-q2-update.win32_1.5.0.202011040924/tools/bin/../lib/gcc/arm-none-eabi/7.3.1/thumb/v7e-m/fpv4-sp/hard\libgcc.a(_udivmoddi4.o)
                0x0000000008002e54                __exidx_end = .
                0x0000000008002e54                . = ALIGN (0x4)

.rel.dyn        0x0000000008002e54        0x0
 .rel.iplt      0x0000000008002e54        0x0 d:/stm32cubeide_1.5.1/stm32cubeide/plugins/com.st.stm32cube.ide.mcu.externaltools.gnu-tools-for-stm32.7-2018-q2-update.win32_1.5.0.202011040924/tools/bin/../lib/gcc/arm-none-eabi/7.3.1/thumb/v7e-m/fpv4-sp/hard/crtbegin.o

.preinit_array  0x0000000008002e54        0x0
                0x0000000008002e54                . = ALIGN (0x4)
                0x0000000008002e54                PROVIDE (__preinit_array_start = .)
 *(.preinit_array*)
                0x0000000008002e54                PROVIDE (__preinit_array_end = .)
                0x0000000008002e54                . = ALIGN (0x4)

.init_array     0x0000000008002e54        0x4
                0x0000000008002e54                . = ALIGN (0x4)
                0x0000000008002e54                PROVIDE (__init_array_start = .)
 *(SORT_BY_NAME(.init_array.*))
 *(.init_array*)
 .init_array    0x0000000008002e54        0x4 d:/stm32cubeide_1.5.1/stm32cubeide/plugins/com.st.stm32cube.ide.mcu.externaltools.gnu-tools-for-stm32.7-2018-q2-update.win32_1.5.0.202011040924/tools/bin/../lib/gcc/arm-none-eabi/7.3.1/thumb/v7e-m/fpv4-sp/hard/crtbegin.o
                0x0000000008002e58                PROVIDE (__init_array_end = .)
                0x0000000008002e58                . = ALIGN (0x4)

.fini_array     0x0000000008002e58        0x4
                0x0000000008002e58                . = ALIGN (0x4)
                [!provide]                        PROVIDE (__fini_array_start = .)
 *(SORT_BY_NAME(.fini_array.*))
 *(.fini_array*)
 .fini_array    0x0000000008002e58        0x4 d:/stm32cubeide_1.5.1/stm32cubeide/plugins/com.st.stm32cube.ide.mcu.externaltools.gnu-tools-for-stm32.7-2018-q2-update.win32_1.5.0.202011040924/tools/bin/../lib/gcc/arm-none-eabi/7.3.1/thumb/v7e-m/fpv4-sp/hard/crtbegin.o
                [!provide]                        PROVIDE (__fini_array_end = .)
                0x0000000008002e5c                . = ALIGN (0x4)
                0x0000000008002e5c                _sidata = LOADADDR (.data)

.data           0x0000000020000000        0xc load address 0x0000000008002e5c
                0x0000000020000000                . = ALIGN (0x4)
                0x0000000020000000                _sdata = .
 *(.data)
 *(.data*)
 .data.SystemCoreClock
                0x0000000020000000        0x4 Core/Src/system_stm32l4xx.o
                0x0000000020000000                SystemCoreClock
 .data.uwTickPrio
                0x0000000020000004        0x4 Drivers/STM32L4xx_HAL_Driver/Src/stm32l4xx_hal.o
                0x0000000020000004                uwTickPrio
 .data.uwTickFreq
                0x0000000020000008        0x1 Drivers/STM32L4xx_HAL_Driver/Src/stm32l4xx_hal.o
                0x0000000020000008                uwTickFreq
 *(.RamFunc)
 *(.RamFunc*)
                0x000000002000000c                . = ALIGN (0x4)
 *fill*         0x0000000020000009        0x3 
                0x000000002000000c                _edata = .

.igot.plt       0x000000002000000c        0x0 load address 0x0000000008002e68
 .igot.plt      0x000000002000000c        0x0 d:/stm32cubeide_1.5.1/stm32cubeide/plugins/com.st.stm32cube.ide.mcu.externaltools.gnu-tools-for-stm32.7-2018-q2-update.win32_1.5.0.202011040924/tools/bin/../lib/gcc/arm-none-eabi/7.3.1/thumb/v7e-m/fpv4-sp/hard/crtbegin.o
                0x000000002000000c                . = ALIGN (0x4)

.bss            0x000000002000000c       0xa0 load address 0x0000000008002e68
                0x000000002000000c                _sbss = .
                0x000000002000000c                __bss_start__ = _sbss
 *(.bss)
 .bss           0x000000002000000c       0x1c d:/stm32cubeide_1.5.1/stm32cubeide/plugins/com.st.stm32cube.ide.mcu.externaltools.gnu-tools-for-stm32.7-2018-q2-update.win32_1.5.0.202011040924/tools/bin/../lib/gcc/arm-none-eabi/7.3.1/thumb/v7e-m/fpv4-sp/hard/crtbegin.o
 *(.bss*)
 *(COMMON)
 COMMON         0x0000000020000028       0x80 Core/Src/main.o
                0x0000000020000028                huart2
 COMMON         0x00000000200000a8        0x4 Drivers/STM32L4xx_HAL_Driver/Src/stm32l4xx_hal.o
                0x00000000200000a8                uwTick
                0x00000000200000ac                . = ALIGN (0x4)
                0x00000000200000ac                _ebss = .
                0x00000000200000ac                __bss_end__ = _ebss

._user_heap_stack
                0x00000000200000ac      0x604 load address 0x0000000008002e68
                0x00000000200000b0                . = ALIGN (0x8)
 *fill*         0x00000000200000ac        0x4 
                [!provide]                        PROVIDE (end = .)
                0x00000000200000b0                PROVIDE (_end = .)
                0x00000000200002b0                . = (. + _Min_Heap_Size)
 *fill*         0x00000000200000b0      0x200 
                0x00000000200006b0                . = (. + _Min_Stack_Size)
 *fill*         0x00000000200002b0      0x400 
                0x00000000200006b0                . = ALIGN (0x8)

/DISCARD/
 libc.a(*)
 libm.a(*)
 libgcc.a(*)

.ARM.attributes
                0x0000000000000000       0x30
 *(.ARM.attributes)
 .ARM.attributes
                0x0000000000000000       0x22 d:/stm32cubeide_1.5.1/stm32cubeide/plugins/com.st.stm32cube.ide.mcu.externaltools.gnu-tools-for-stm32.7-2018-q2-update.win32_1.5.0.202011040924/tools/bin/../lib/gcc/arm-none-eabi/7.3.1/thumb/v7e-m/fpv4-sp/hard/crti.o
 .ARM.attributes
                0x0000000000000022       0x34 d:/stm32cubeide_1.5.1/stm32cubeide/plugins/com.st.stm32cube.ide.mcu.externaltools.gnu-tools-for-stm32.7-2018-q2-update.win32_1.5.0.202011040924/tools/bin/../lib/gcc/arm-none-eabi/7.3.1/thumb/v7e-m/fpv4-sp/hard/crtbegin.o
 .ARM.attributes
                0x0000000000000056       0x39 Core/Src/main.o
 .ARM.attributes
                0x000000000000008f       0x39 Core/Src/stm32l4xx_hal_msp.o
 .ARM.attributes
                0x00000000000000c8       0x39 Core/Src/stm32l4xx_it.o
 .ARM.attributes
                0x0000000000000101       0x39 Core/Src/system_stm32l4xx.o
 .ARM.attributes
                0x000000000000013a       0x21 Core/Startup/startup_stm32l476rgtx.o
 .ARM.attributes
                0x000000000000015b       0x39 Drivers/STM32L4xx_HAL_Driver/Src/stm32l4xx_hal.o
 .ARM.attributes
                0x0000000000000194       0x39 Drivers/STM32L4xx_HAL_Driver/Src/stm32l4xx_hal_cortex.o
 .ARM.attributes
                0x00000000000001cd       0x39 Drivers/STM32L4xx_HAL_Driver/Src/stm32l4xx_hal_gpio.o
 .ARM.attributes
                0x0000000000000206       0x39 Drivers/STM32L4xx_HAL_Driver/Src/stm32l4xx_hal_pwr_ex.o
 .ARM.attributes
                0x000000000000023f       0x39 Drivers/STM32L4xx_HAL_Driver/Src/stm32l4xx_hal_rcc.o
 .ARM.attributes
                0x0000000000000278       0x39 Drivers/STM32L4xx_HAL_Driver/Src/stm32l4xx_hal_rcc_ex.o
 .ARM.attributes
                0x00000000000002b1       0x39 Drivers/STM32L4xx_HAL_Driver/Src/stm32l4xx_hal_uart.o
 .ARM.attributes
                0x00000000000002ea       0x34 d:/stm32cubeide_1.5.1/stm32cubeide/plugins/com.st.stm32cube.ide.mcu.externaltools.gnu-tools-for-stm32.7-2018-q2-update.win32_1.5.0.202011040924/tools/bin/../lib/gcc/arm-none-eabi/7.3.1/../../../../arm-none-eabi/lib/thumb/v7e-m/fpv4-sp/hard\libc_nano.a(lib_a-init.o)
 .ARM.attributes
                0x000000000000031e       0x34 d:/stm32cubeide_1.5.1/stm32cubeide/plugins/com.st.stm32cube.ide.mcu.externaltools.gnu-tools-for-stm32.7-2018-q2-update.win32_1.5.0.202011040924/tools/bin/../lib/gcc/arm-none-eabi/7.3.1/../../../../arm-none-eabi/lib/thumb/v7e-m/fpv4-sp/hard\libc_nano.a(lib_a-memset.o)
 .ARM.attributes
                0x0000000000000352       0x22 d:/stm32cubeide_1.5.1/stm32cubeide/plugins/com.st.stm32cube.ide.mcu.externaltools.gnu-tools-for-stm32.7-2018-q2-update.win32_1.5.0.202011040924/tools/bin/../lib/gcc/arm-none-eabi/7.3.1/thumb/v7e-m/fpv4-sp/hard\libgcc.a(_aeabi_uldivmod.o)
 .ARM.attributes
                0x0000000000000374       0x34 d:/stm32cubeide_1.5.1/stm32cubeide/plugins/com.st.stm32cube.ide.mcu.externaltools.gnu-tools-for-stm32.7-2018-q2-update.win32_1.5.0.202011040924/tools/bin/../lib/gcc/arm-none-eabi/7.3.1/thumb/v7e-m/fpv4-sp/hard\libgcc.a(_udivmoddi4.o)
 .ARM.attributes
                0x00000000000003a8       0x22 d:/stm32cubeide_1.5.1/stm32cubeide/plugins/com.st.stm32cube.ide.mcu.externaltools.gnu-tools-for-stm32.7-2018-q2-update.win32_1.5.0.202011040924/tools/bin/../lib/gcc/arm-none-eabi/7.3.1/thumb/v7e-m/fpv4-sp/hard\libgcc.a(_dvmd_tls.o)
 .ARM.attributes
                0x00000000000003ca       0x22 d:/stm32cubeide_1.5.1/stm32cubeide/plugins/com.st.stm32cube.ide.mcu.externaltools.gnu-tools-for-stm32.7-2018-q2-update.win32_1.5.0.202011040924/tools/bin/../lib/gcc/arm-none-eabi/7.3.1/thumb/v7e-m/fpv4-sp/hard/crtn.o
OUTPUT(project2.elf elf32-littlearm)

.debug_info     0x0000000000000000     0x8be7
 .debug_info    0x0000000000000000      0xf81 Core/Src/main.o
 .debug_info    0x0000000000000f81      0xba2 Core/Src/stm32l4xx_hal_msp.o
 .debug_info    0x0000000000001b23      0x349 Core/Src/stm32l4xx_it.o
 .debug_info    0x0000000000001e6c      0x727 Core/Src/system_stm32l4xx.o
 .debug_info    0x0000000000002593       0x22 Core/Startup/startup_stm32l476rgtx.o
 .debug_info    0x00000000000025b5      0xd2e Drivers/STM32L4xx_HAL_Driver/Src/stm32l4xx_hal.o
 .debug_info    0x00000000000032e3      0xf6d Drivers/STM32L4xx_HAL_Driver/Src/stm32l4xx_hal_cortex.o
 .debug_info    0x0000000000004250      0x9c2 Drivers/STM32L4xx_HAL_Driver/Src/stm32l4xx_hal_gpio.o
 .debug_info    0x0000000000004c12      0xb35 Drivers/STM32L4xx_HAL_Driver/Src/stm32l4xx_hal_pwr_ex.o
 .debug_info    0x0000000000005747      0xd2f Drivers/STM32L4xx_HAL_Driver/Src/stm32l4xx_hal_rcc.o
 .debug_info    0x0000000000006476      0xf41 Drivers/STM32L4xx_HAL_Driver/Src/stm32l4xx_hal_rcc_ex.o
 .debug_info    0x00000000000073b7     0x1830 Drivers/STM32L4xx_HAL_Driver/Src/stm32l4xx_hal_uart.o

.debug_abbrev   0x0000000000000000     0x14c8
 .debug_abbrev  0x0000000000000000      0x1f6 Core/Src/main.o
 .debug_abbrev  0x00000000000001f6      0x18c Core/Src/stm32l4xx_hal_msp.o
 .debug_abbrev  0x0000000000000382       0xe2 Core/Src/stm32l4xx_it.o
 .debug_abbrev  0x0000000000000464      0x150 Core/Src/system_stm32l4xx.o
 .debug_abbrev  0x00000000000005b4       0x12 Core/Startup/startup_stm32l476rgtx.o
 .debug_abbrev  0x00000000000005c6      0x1fb Drivers/STM32L4xx_HAL_Driver/Src/stm32l4xx_hal.o
 .debug_abbrev  0x00000000000007c1      0x2fa Drivers/STM32L4xx_HAL_Driver/Src/stm32l4xx_hal_cortex.o
 .debug_abbrev  0x0000000000000abb      0x1c0 Drivers/STM32L4xx_HAL_Driver/Src/stm32l4xx_hal_gpio.o
 .debug_abbrev  0x0000000000000c7b      0x1cb Drivers/STM32L4xx_HAL_Driver/Src/stm32l4xx_hal_pwr_ex.o
 .debug_abbrev  0x0000000000000e46      0x245 Drivers/STM32L4xx_HAL_Driver/Src/stm32l4xx_hal_rcc.o
 .debug_abbrev  0x000000000000108b      0x238 Drivers/STM32L4xx_HAL_Driver/Src/stm32l4xx_hal_rcc_ex.o
 .debug_abbrev  0x00000000000012c3      0x205 Drivers/STM32L4xx_HAL_Driver/Src/stm32l4xx_hal_uart.o

.debug_aranges  0x0000000000000000      0x868
 .debug_aranges
                0x0000000000000000       0x40 Core/Src/main.o
 .debug_aranges
                0x0000000000000040       0x30 Core/Src/stm32l4xx_hal_msp.o
 .debug_aranges
                0x0000000000000070       0x60 Core/Src/stm32l4xx_it.o
 .debug_aranges
                0x00000000000000d0       0x28 Core/Src/system_stm32l4xx.o
 .debug_aranges
                0x00000000000000f8       0x28 Core/Startup/startup_stm32l476rgtx.o
 .debug_aranges
                0x0000000000000120      0x130 Drivers/STM32L4xx_HAL_Driver/Src/stm32l4xx_hal.o
 .debug_aranges
                0x0000000000000250      0x118 Drivers/STM32L4xx_HAL_Driver/Src/stm32l4xx_hal_cortex.o
 .debug_aranges
                0x0000000000000368       0x58 Drivers/STM32L4xx_HAL_Driver/Src/stm32l4xx_hal_gpio.o
 .debug_aranges
                0x00000000000003c0      0x150 Drivers/STM32L4xx_HAL_Driver/Src/stm32l4xx_hal_pwr_ex.o
 .debug_aranges
                0x0000000000000510       0x88 Drivers/STM32L4xx_HAL_Driver/Src/stm32l4xx_hal_rcc.o
 .debug_aranges
                0x0000000000000598       0xc0 Drivers/STM32L4xx_HAL_Driver/Src/stm32l4xx_hal_rcc_ex.o
 .debug_aranges
                0x0000000000000658      0x210 Drivers/STM32L4xx_HAL_Driver/Src/stm32l4xx_hal_uart.o

.debug_ranges   0x0000000000000000      0x7b0
 .debug_ranges  0x0000000000000000       0x30 Core/Src/main.o
 .debug_ranges  0x0000000000000030       0x20 Core/Src/stm32l4xx_hal_msp.o
 .debug_ranges  0x0000000000000050       0x50 Core/Src/stm32l4xx_it.o
 .debug_ranges  0x00000000000000a0       0x18 Core/Src/system_stm32l4xx.o
 .debug_ranges  0x00000000000000b8       0x20 Core/Startup/startup_stm32l476rgtx.o
 .debug_ranges  0x00000000000000d8      0x120 Drivers/STM32L4xx_HAL_Driver/Src/stm32l4xx_hal.o
 .debug_ranges  0x00000000000001f8      0x108 Drivers/STM32L4xx_HAL_Driver/Src/stm32l4xx_hal_cortex.o
 .debug_ranges  0x0000000000000300       0x48 Drivers/STM32L4xx_HAL_Driver/Src/stm32l4xx_hal_gpio.o
 .debug_ranges  0x0000000000000348      0x140 Drivers/STM32L4xx_HAL_Driver/Src/stm32l4xx_hal_pwr_ex.o
 .debug_ranges  0x0000000000000488       0x78 Drivers/STM32L4xx_HAL_Driver/Src/stm32l4xx_hal_rcc.o
 .debug_ranges  0x0000000000000500       0xb0 Drivers/STM32L4xx_HAL_Driver/Src/stm32l4xx_hal_rcc_ex.o
 .debug_ranges  0x00000000000005b0      0x200 Drivers/STM32L4xx_HAL_Driver/Src/stm32l4xx_hal_uart.o

.debug_macro    0x0000000000000000    0x24e8f
 .debug_macro   0x0000000000000000      0x1d4 Core/Src/main.o
 .debug_macro   0x00000000000001d4      0xa5a Core/Src/main.o
 .debug_macro   0x0000000000000c2e      0x1a7 Core/Src/main.o
 .debug_macro   0x0000000000000dd5       0x2e Core/Src/main.o
 .debug_macro   0x0000000000000e03       0x28 Core/Src/main.o
 .debug_macro   0x0000000000000e2b       0x22 Core/Src/main.o
 .debug_macro   0x0000000000000e4d       0x8e Core/Src/main.o
 .debug_macro   0x0000000000000edb       0x51 Core/Src/main.o
 .debug_macro   0x0000000000000f2c       0xef Core/Src/main.o
 .debug_macro   0x000000000000101b       0x6a Core/Src/main.o
 .debug_macro   0x0000000000001085      0x1df Core/Src/main.o
 .debug_macro   0x0000000000001264       0x1c Core/Src/main.o
 .debug_macro   0x0000000000001280       0x22 Core/Src/main.o
 .debug_macro   0x00000000000012a2      0x101 Core/Src/main.o
 .debug_macro   0x00000000000013a3     0x1011 Core/Src/main.o
 .debug_macro   0x00000000000023b4      0x11f Core/Src/main.o
 .debug_macro   0x00000000000024d3    0x1a13d Core/Src/main.o
 .debug_macro   0x000000000001c610       0x43 Core/Src/main.o
 .debug_macro   0x000000000001c653     0x3890 Core/Src/main.o
 .debug_macro   0x000000000001fee3      0x174 Core/Src/main.o
 .debug_macro   0x0000000000020057       0x5c Core/Src/main.o
 .debug_macro   0x00000000000200b3     0x155f Core/Src/main.o
 .debug_macro   0x0000000000021612      0x59e Core/Src/main.o
 .debug_macro   0x0000000000021bb0      0x13d Core/Src/main.o
 .debug_macro   0x0000000000021ced      0x18b Core/Src/main.o
 .debug_macro   0x0000000000021e78      0x26b Core/Src/main.o
 .debug_macro   0x00000000000220e3      0x23d Core/Src/main.o
 .debug_macro   0x0000000000022320      0x241 Core/Src/main.o
 .debug_macro   0x0000000000022561      0x37c Core/Src/main.o
 .debug_macro   0x00000000000228dd       0xd6 Core/Src/main.o
 .debug_macro   0x00000000000229b3      0x22c Core/Src/main.o
 .debug_macro   0x0000000000022bdf       0x61 Core/Src/main.o
 .debug_macro   0x0000000000022c40       0xa5 Core/Src/main.o
 .debug_macro   0x0000000000022ce5      0x122 Core/Src/main.o
 .debug_macro   0x0000000000022e07      0x3e9 Core/Src/main.o
 .debug_macro   0x00000000000231f0      0x59e Core/Src/main.o
 .debug_macro   0x000000000002378e       0x44 Core/Src/main.o
 .debug_macro   0x00000000000237d2      0x331 Core/Src/main.o
 .debug_macro   0x0000000000023b03       0x58 Core/Src/main.o
 .debug_macro   0x0000000000023b5b      0x1d4 Core/Src/stm32l4xx_hal_msp.o
 .debug_macro   0x0000000000023d2f      0x1de Core/Src/stm32l4xx_it.o
 .debug_macro   0x0000000000023f0d      0x1cb Core/Src/system_stm32l4xx.o
 .debug_macro   0x00000000000240d8      0x213 Drivers/STM32L4xx_HAL_Driver/Src/stm32l4xx_hal.o
 .debug_macro   0x00000000000242eb      0x1c5 Drivers/STM32L4xx_HAL_Driver/Src/stm32l4xx_hal_cortex.o
 .debug_macro   0x00000000000244b0      0x204 Drivers/STM32L4xx_HAL_Driver/Src/stm32l4xx_hal_gpio.o
 .debug_macro   0x00000000000246b4      0x1e9 Drivers/STM32L4xx_HAL_Driver/Src/stm32l4xx_hal_pwr_ex.o
 .debug_macro   0x000000000002489d      0x207 Drivers/STM32L4xx_HAL_Driver/Src/stm32l4xx_hal_rcc.o
 .debug_macro   0x0000000000024aa4      0x1fb Drivers/STM32L4xx_HAL_Driver/Src/stm32l4xx_hal_rcc_ex.o
 .debug_macro   0x0000000000024c9f      0x1f0 Drivers/STM32L4xx_HAL_Driver/Src/stm32l4xx_hal_uart.o

.debug_line     0x0000000000000000     0x6b90
 .debug_line    0x0000000000000000      0x739 Core/Src/main.o
 .debug_line    0x0000000000000739      0x6e5 Core/Src/stm32l4xx_hal_msp.o
 .debug_line    0x0000000000000e1e      0x75e Core/Src/stm32l4xx_it.o
 .debug_line    0x000000000000157c      0x6e1 Core/Src/system_stm32l4xx.o
 .debug_line    0x0000000000001c5d       0x87 Core/Startup/startup_stm32l476rgtx.o
 .debug_line    0x0000000000001ce4      0x958 Drivers/STM32L4xx_HAL_Driver/Src/stm32l4xx_hal.o
 .debug_line    0x000000000000263c      0x9df Drivers/STM32L4xx_HAL_Driver/Src/stm32l4xx_hal_cortex.o
 .debug_line    0x000000000000301b      0x872 Drivers/STM32L4xx_HAL_Driver/Src/stm32l4xx_hal_gpio.o
 .debug_line    0x000000000000388d      0xa6b Drivers/STM32L4xx_HAL_Driver/Src/stm32l4xx_hal_pwr_ex.o
 .debug_line    0x00000000000042f8      0x9ce Drivers/STM32L4xx_HAL_Driver/Src/stm32l4xx_hal_rcc.o
 .debug_line    0x0000000000004cc6      0xc64 Drivers/STM32L4xx_HAL_Driver/Src/stm32l4xx_hal_rcc_ex.o
 .debug_line    0x000000000000592a     0x1266 Drivers/STM32L4xx_HAL_Driver/Src/stm32l4xx_hal_uart.o

.debug_str      0x0000000000000000    0xe4ec9
 .debug_str     0x0000000000000000    0xe2895 Core/Src/main.o
                                      0xe2bd1 (size before relaxing)
 .debug_str     0x00000000000e2895       0x56 Core/Src/stm32l4xx_hal_msp.o
                                      0xe2799 (size before relaxing)
 .debug_str     0x00000000000e28eb       0xbd Core/Src/stm32l4xx_it.o
                                      0xe22ab (size before relaxing)
 .debug_str     0x00000000000e29a8       0xcd Core/Src/system_stm32l4xx.o
                                      0xe22da (size before relaxing)
 .debug_str     0x00000000000e2a75       0x36 Core/Startup/startup_stm32l476rgtx.o
                                         0x71 (size before relaxing)
 .debug_str     0x00000000000e2aab      0xa66 Drivers/STM32L4xx_HAL_Driver/Src/stm32l4xx_hal.o
                                      0xe2e2a (size before relaxing)
 .debug_str     0x00000000000e3511      0x389 Drivers/STM32L4xx_HAL_Driver/Src/stm32l4xx_hal_cortex.o
                                      0xe2b2e (size before relaxing)
 .debug_str     0x00000000000e389a      0x236 Drivers/STM32L4xx_HAL_Driver/Src/stm32l4xx_hal_gpio.o
                                      0xe2559 (size before relaxing)
 .debug_str     0x00000000000e3ad0      0x4b4 Drivers/STM32L4xx_HAL_Driver/Src/stm32l4xx_hal_pwr_ex.o
                                      0xe27f5 (size before relaxing)
 .debug_str     0x00000000000e3f84      0x34e Drivers/STM32L4xx_HAL_Driver/Src/stm32l4xx_hal_rcc.o
                                      0xe289c (size before relaxing)
 .debug_str     0x00000000000e42d2      0x3a6 Drivers/STM32L4xx_HAL_Driver/Src/stm32l4xx_hal_rcc_ex.o
                                      0xe2a2d (size before relaxing)
 .debug_str     0x00000000000e4678      0x851 Drivers/STM32L4xx_HAL_Driver/Src/stm32l4xx_hal_uart.o
                                      0xe2e91 (size before relaxing)

.comment        0x0000000000000000       0x7b
 .comment       0x0000000000000000       0x7b Core/Src/main.o
                                         0x7c (size before relaxing)
 .comment       0x000000000000007b       0x7c Core/Src/stm32l4xx_hal_msp.o
 .comment       0x000000000000007b       0x7c Core/Src/stm32l4xx_it.o
 .comment       0x000000000000007b       0x7c Core/Src/system_stm32l4xx.o
 .comment       0x000000000000007b       0x7c Drivers/STM32L4xx_HAL_Driver/Src/stm32l4xx_hal.o
 .comment       0x000000000000007b       0x7c Drivers/STM32L4xx_HAL_Driver/Src/stm32l4xx_hal_cortex.o
 .comment       0x000000000000007b       0x7c Drivers/STM32L4xx_HAL_Driver/Src/stm32l4xx_hal_gpio.o
 .comment       0x000000000000007b       0x7c Drivers/STM32L4xx_HAL_Driver/Src/stm32l4xx_hal_pwr_ex.o
 .comment       0x000000000000007b       0x7c Drivers/STM32L4xx_HAL_Driver/Src/stm32l4xx_hal_rcc.o
 .comment       0x000000000000007b       0x7c Drivers/STM32L4xx_HAL_Driver/Src/stm32l4xx_hal_rcc_ex.o
 .comment       0x000000000000007b       0x7c Drivers/STM32L4xx_HAL_Driver/Src/stm32l4xx_hal_uart.o

.debug_frame    0x0000000000000000     0x2158
 .debug_frame   0x0000000000000000       0xac Core/Src/main.o
 .debug_frame   0x00000000000000ac       0x80 Core/Src/stm32l4xx_hal_msp.o
 .debug_frame   0x000000000000012c      0x104 Core/Src/stm32l4xx_it.o
 .debug_frame   0x0000000000000230       0x58 Core/Src/system_stm32l4xx.o
 .debug_frame   0x0000000000000288      0x498 Drivers/STM32L4xx_HAL_Driver/Src/stm32l4xx_hal.o
 .debug_frame   0x0000000000000720      0x498 Drivers/STM32L4xx_HAL_Driver/Src/stm32l4xx_hal_cortex.o
 .debug_frame   0x0000000000000bb8      0x14c Drivers/STM32L4xx_HAL_Driver/Src/stm32l4xx_hal_gpio.o
 .debug_frame   0x0000000000000d04      0x544 Drivers/STM32L4xx_HAL_Driver/Src/stm32l4xx_hal_pwr_ex.o
 .debug_frame   0x0000000000001248      0x1f4 Drivers/STM32L4xx_HAL_Driver/Src/stm32l4xx_hal_rcc.o
 .debug_frame   0x000000000000143c      0x2fc Drivers/STM32L4xx_HAL_Driver/Src/stm32l4xx_hal_rcc_ex.o
 .debug_frame   0x0000000000001738      0x974 Drivers/STM32L4xx_HAL_Driver/Src/stm32l4xx_hal_uart.o
 .debug_frame   0x00000000000020ac       0x2c d:/stm32cubeide_1.5.1/stm32cubeide/plugins/com.st.stm32cube.ide.mcu.externaltools.gnu-tools-for-stm32.7-2018-q2-update.win32_1.5.0.202011040924/tools/bin/../lib/gcc/arm-none-eabi/7.3.1/../../../../arm-none-eabi/lib/thumb/v7e-m/fpv4-sp/hard\libc_nano.a(lib_a-init.o)
 .debug_frame   0x00000000000020d8       0x20 d:/stm32cubeide_1.5.1/stm32cubeide/plugins/com.st.stm32cube.ide.mcu.externaltools.gnu-tools-for-stm32.7-2018-q2-update.win32_1.5.0.202011040924/tools/bin/../lib/gcc/arm-none-eabi/7.3.1/../../../../arm-none-eabi/lib/thumb/v7e-m/fpv4-sp/hard\libc_nano.a(lib_a-memset.o)
 .debug_frame   0x00000000000020f8       0x2c d:/stm32cubeide_1.5.1/stm32cubeide/plugins/com.st.stm32cube.ide.mcu.externaltools.gnu-tools-for-stm32.7-2018-q2-update.win32_1.5.0.202011040924/tools/bin/../lib/gcc/arm-none-eabi/7.3.1/thumb/v7e-m/fpv4-sp/hard\libgcc.a(_aeabi_uldivmod.o)
 .debug_frame   0x0000000000002124       0x34 d:/stm32cubeide_1.5.1/stm32cubeide/plugins/com.st.stm32cube.ide.mcu.externaltools.gnu-tools-for-stm32.7-2018-q2-update.win32_1.5.0.202011040924/tools/bin/../lib/gcc/arm-none-eabi/7.3.1/thumb/v7e-m/fpv4-sp/hard\libgcc.a(_udivmoddi4.o)
